guavas        1 minute ago
avocados      20 seconds ago
