NAMESPACE   NAME               DESCRIPTION   AGE
test-ns-1   test-condition-1                 0 seconds ago
test-ns-2   test-condition-2                 0 seconds ago
