bar   tb0   2 minutes ago
foo   tb1   2 minutes ago
foo   tb2   30 seconds ago
foo   tb3   1 week ago
foo   tb4   ---
